// Jest Snapshot v1, https://goo.gl/fbAQLP

exports[`Prueba con FirstApp Primera prueba 1`] = `
<div>
  <h1>
    Bienvenido
  </h1>
  <h2>
    Hola
  </h2>
</div>
`;
